[  000000] italizig rop subss ust   0.000000] Iniiazing croup suyscpu
[    00000] Initilingcgroup ubs puct
[    .000] Linu vrsn 4.4.011geeric (uid@gw01-md-010) (gcc vrsn 5.4. 216609 (Ubutu.40-6ubutu16.0.5 )135-un SMPFrJa 1118:36 C 018 (buntu 4.40-112.135-generic 44.8)
[   .0000] Comanlie: BT_AGE=/bo/vinuz4.0-12-genrirot=LABL=ouimg-rotfroconsol=ty1onsole=tS0
[  000000]EREL sppte cs:
[   0.00000] IneleninInte
  0.0000]  AMD AuthenticAMD
[    0.000000]   Centaur CentaurHauls
[    0.000000] x86/fpu: xstae_fst[2]:  576,xsat_szes[2]: 2
    0.000000]x8/f: Suorng XSAE eare 0x0: 87 fatg point restrs'
[    00000 x/f: Supprtg XSAVEfeur 0x0: SEregisrs
[    00000] x8/fp: pporinXSVE eare0x04 'VXegisters
  0.000000] x86/pu Enale xstteeatures 0x cntexsie i 8 btes, uing 'sanard' frmt.
[   0.0000x86/fp: in 'lazy' PUontet itches
   0.00000]e80: BIO-pvied phsil RA m:
[  .0000]BI-e82 [m 0x0000000000000-x00000000009fbf] usable
[    0.000000] BIOS-e820: [mem0x000000000fc00-0x00000009ff] reserved
[  0000000BIS-20[mem 00000000000-0x0000000ff] eserve
  0.0000BIOSe820: me0x00000000000-00000003ffeff uable
  0.0000 BOS82: [mem 0x000000003ff0000-0x0000003fffffff] CPI ta
[    0.0000 BOS-e820: [me 0x00000fe00000x0000000ec0f] reseed
[    00000] BS-820:me0x0000fee00000-x00000fe0ff resve
[    .0000 BOS82: [mem x00000ffc00-x000000ffffff] reserved
[    0.00000]  (Execte Dabe)protecio: ctive
[   .000] SMBIS 5 resent
[   .000000] Hpervsodeecd:VM
[  00000 e0: lstfn= x3f0max_arc_p =0x400000
[   00000] MR:isabled
[    00000]x8PA: TRRs disabled,skiping PAT initialization too.
[    0.000000] CPU MTRRs all blank - virtualized system.
[    0.000000] x86/PAT: Configuration [0-7]: WB  WT  UC- UC  WB  WT  UC- UC  
[    0.000000] found SMP MP-table at [mem 0x0009fff0-0x0009fff] mappeat[ffff80009ff][   0.000] Scannng aea f lw memoy rrptio
   0.000000RAISK: [m 036ac000x755dff
[   0.000] CP: Early table checksum verification disabled
  0.0000 API: RSDP0x000000000E000002 (02BOX  )
[  000000]ACPI: XSD 0x000000003FFF0030 0003C (v0VB   VBOSD0000001 L 000061
[    0000] CP FCP0x00003F000 0004 04 VX VBOXFAC 00001 ASL 000061)
  0.0000] CPI:SD 0000000FF0470000F (v01VB  VBOXOS0000002 INTL 2010528)    0000] PIFACS 0000003FFF020 0040
[    .0000] AI:FACS 0x00000FF00 00040[   0.000]CP API 00000003FF00 0005C 02VBX   VBAPIC00001 L 000061
[    0.000000] ACPI: SSDT 0x000000003FFF02A0 0001C (v1 OX   VOXCPUT 000000 ITL 21028
[  000000] No UMconfurion fond[   .0000] Fki ano a[mem 0x000000000-0x0000000fefff
   0.0000]NODE_AT0)allote[mem 0xff00-0x3ffff]   0.0000]vm-cloc: sig msrs 4b564d01 and 4b564d0[   0000] kvm-clock: pu 0, msr 0:3ffe3001, primary cpu clock
[    0.000000] kvm-clock: using sched offset of 3057778530 cycles
[   000000] clocksure: k-cock: as 0ffffffffffff maxcyle: x1cd2e4dff, x_id_n: 819014  ns[   .0000] neanges:
  0.0000]  D      em0x0000000000x00000000fffff]
[    0.00000] DM32   [m x00000100000-0000003efff][  0.0000]   Normal  emy
[   00000]   vi   ety
[    0.000]Movableon start orea node[   .000] Eary moy odrages
[  0000000]   nod  0: [m 0x00000000100-00000009eff]
  0.0000   node  0 [em0x0000001000-00000003fffff][  0.0000]Intmem supnoe [m 0x000000001000x0000003efff]   0.000 ACPI: -Tme IO ort: 0408
[   0.000000] IOAPIC[0]: apic_id 2, version 32, address 0xfec00000, GSI 0-23
[    0.000000] ACPI: INT_SRC_OVR (bus 0 bus_irq 0 global_irq 2 dfl dfl)
[    0.000000] ACPI: INT_SRC_OVR (bus 0 bus_irq 9 global_irq 9 higlel)
[   .0000 Uin ACPI (AD for SMPcoiguratin formti
    .000] smpotAllowing 2 PU, 0otug CPUs    0.00000]M:Registed nosav mor: [m 00000000-00000ff
  0.0000PM: gitered nsave memory:[m 00009f000-0x000ff]
[    0.000]PM: Registere nav mor [mem 0x0a000-0x00ff]
   .00000PMRegiser nsa mory: [me 000f000-000ffff]    0.000]e80:me 0x400000xfeffffavailleor PI devices
[    000000] Booting paravirtualized kernel on KVM
[    0.000000] clocksource: refined-jiffies: mask: 0xffffffff max_cycles: 0xffffffff, max_ide_s:76510021158 
[   .000] sep_erpu: NR_CP:512r_umask_ts51 n_c_ids nnodeid1
[  .00000] ERU: Eedd 34ag/cpu @ff8003f000 995 r812 d3158 04576
   0.00000] PVqsnlck ash taleentries 2 (rder: 0 46 byte)[  0.000] Bil1 onlis n ode rdr,obilityropingn.Tota pge 25791
   0.0000] licyzo: MA32
[   0.00000]erel cmmd line: OO_IAG=/bot/vmlnuz-4.4.011geeric roo=LBE=cudmgoofs r consoe=y1 cso=tty
   0.000] ID hsh ble etrs:4096 (ordr:, 3268bys)
  0.0000 Mmory: 018K/104820 ailab (49K erl ode, 19Kwdat 3988Krodata, 1508K ini, 1316K bss, 4612reerve 0cma-esrv)
[  00000 SB: Hli=64, Ordr=-3 MObecs=, Us=2, od=1
[   0.0000] erl/ser pag tles olion:naed
  0.0000HirarchalCU ilentation
[   0.000000]	Bldtime adusen of afanout o .
[  .00000]RCrestriti CPU fm R_CPUS51 t nr_cp_is=.
[   0.0000RC Adjustngeoetryorrcfaut_laf4,nr_cpid2
[    0.00000 N_IS:024 nr_rq:44 16
[  0.0000] Conol clourVG 8x25
[    0000 csole[t1]enabd[    .000] nsole [tyS0]enable
   0.000000] tsc: Detected 2294.688 MHz processor
[   24.092291] Calibrating delay loop (skipped) preset value.. 4589.37 BogoMIPS (lpj=9178752)
[   24.246631] pid_max: default: 32768 minimum: 301
[   24.327745] ACPI: Core revision 20150930
[   24.400961] ACPI: 2 ACPI AML tables successfully acquired and loaded
[   24.500837] Security Framework initialized
[   24.551718] Yama: becoming mindful.
[   24.574760] AppArmor: AppArmor initialized
[   24.629410] Dentry cache hash table entries: 131072 (order: 8, 1048576 bytes)
[   24.757024] Inode-cache hash table entries: 65536 (order: 7, 524288 bytes)
[   24.875825] Mount-cache hash table entries: 2048 (order: 2, 16384 bytes)
[   24.993510] Mountpoint-cache hash table entries: 2048 (order: 2, 16384 bytes)
[   25.121656] Initializing cgroup subsys io
[   25.201231] Initializing cgroup subsys memory
[   25.302847] Initializing cgroup subsys devices
[   25.363200] Initializing cgroup subsys freezer
[   25.435872] Initializing cgroup subsys net_cls
[   25.511562] Initializing cgroup subsys perf_event
[   25.602416] Initializing cgroup subsys net_prio
[   25.646964] Initializing cgroup subsys hugetlb
[   25.678946] Initializing cgroup subsys pids
[   25.679895] CPU: Physical Processor ID: 0
[   25.680729] CPU: Processor Core ID: 0
[   25.681571] FEATURE SPEC_CTRL Not Present
[   25.683400] mce: CPU supports 0 MCE banks
[   25.684276] Last level iTLB entries: 4KB 1024, 2MB 1024, 4MB 1024
[   25.685467] Last level dTLB entries: 4KB 1024, 2MB 1024, 4MB 1024, 1GB 4
[   25.772561] Freeing SMP alternatives memory: 32K
[   25.854784] ftrace: allocating 32180 entries in 126 pages
[   25.969011] smpboot: APIC(0) Converting physical 0 to logical package 0
[   26.096655] smpboot: Max logical packages: 1
[   26.179278] x2apic enabled
[   26.243301] Switched APIC routing to physical x2apic.
[   26.354071] ..TIMER: vector=0x30 apic1=0 pin1=2 apic2=-1 pin2=-1
[   26.586824] smpboot: CPU0: Intel(R) Core(TM) i7-4850HQ CPU @ 2.30GHz (family: 0x6, model: 0x46, stepping: 0x1)
[   26.750608] Performance Events: unsupported p6 CPU model 70 no PMU driver, software events only.
[   26.788866] KVM setup paravirtual spinlock
[   26.872863] x86: Booting SMP configuration:
[   26.952881] .... node  #0, CPUs:      #1
[   27.034303] kvm-clock: cpu 1, msr 0:3ffe3041, secondary cpu clock
[   27.183426] mce: CPU supports 0 MCE banks
[   27.248437] x86: Booted up 1 node, 2 CPUs
[   27.333808] smpboot: Total of 2 processors activated (9178.75 BogoMIPS)
[   27.481342] devtmpfs: initialized
[   27.536896] evm: security.selinux
[   27.599273] evm: security.SMACK64
[   27.647178] evm: security.SMACK64EXEC
[   27.666682] evm: security.SMACK64TRANSMUTE
[   27.689320] evm: security.SMACK64MMAP
[   27.703336] evm: security.ima
[   27.704006] evm: security.capability
[   27.730969] clocksource: jiffies: mask: 0xffffffff max_cycles: 0xffffffff, max_idle_ns: 7645041785100000 ns
[   27.787547] futex hash table entries: 512 (order: 3, 32768 bytes)
[   27.817397] pinctrl core: initialized pinctrl subsystem
[   27.858711] RTC time: 17:15:54, date: 02/22/18
[   27.909528] NET: Registered protocol family 16
[   27.999714] cpuidle: using governor ladder
[   28.098952] cpuidle: using governor menu
[   28.177165] PCCT header not found.
[   28.242917] ACPI: bus type PCI registered
[   28.320853] acpiphp: ACPI Hot Plug PCI Controller Driver version: 0.5
[   28.435216] PCI: Using configuration type 1 for base access
[   28.524297] ACPI: Added _OSI(Module Device)
[   28.577389] ACPI: Added _OSI(Processor Device)
[   28.644028] ACPI: Added _OSI(3.0 _SCP Extensions)
[   28.714095] ACPI: Added _OSI(Processor Aggregator Device)
[   28.812306] ACPI: Executed 1 blocks of module-level executable AML code
[   28.863834] ACPI: Interpreter enabled
[   28.909315] ACPI: (supports S0 S5)
[   28.922352] ACPI: Using IOAPIC for interrupt routing
[   28.956454] PCI: Using host bridge windows from ACPI; if necessary, use "pci=nocrs" and report a bug
[   28.983395] ACPI: PCI Root Bridge [PCI0] (domain 0000 [bus 00-ff])
[   29.098979] acpi PNP0A03:00: _OSC: OS supports [ASPM ClockPM Segments MSI]
[   29.237120] acpi PNP0A03:00: _OSC failed (AE_NOT_FOUND); disabling ASPM
[   29.358483] acpi PNP0A03:00: fail to add MMCONFIG information, can't access extended PCI configuration space under this bridge.
[   29.584146] PCI host bridge to bus 0000:00
[   29.656558] pci_bus 0000:00: root bus resource [io  0x0000-0x0cf7 window]
[   29.747121] pci_bus 0000:00: root bus resource [io  0x0d00-0xffff window]
[   29.871423] pci_bus 0000:00: root bus resource [mem 0x000a0000-0x000bffff window]
[   30.014902] pci_bus 0000:00: root bus resource [mem 0x40000000-0xffdfffff window]
[   30.068226] pci_bus 0000:00: root bus resource [bus 00-ff]
[   30.078530] pci 0000:00:01.1: legacy IDE quirk: reg 0x10: [io  0x01f0-0x01f7]
[   30.224779] pci 0000:00:01.1: legacy IDE quirk: reg 0x14: [io  0x03f6]
[   30.336805] pci 0000:00:01.1: legacy IDE quirk: reg 0x18: [io  0x0170-0x0177]
[   30.492689] pci 0000:00:01.1: legacy IDE quirk: reg 0x1c: [io  0x0376]
[   30.641403] pci 0000:00:07.0: quirk: [io  0x4000-0x403f] claimed by PIIX4 ACPI
[   30.794003] pci 0000:00:07.0: quirk: [io  0x4100-0x410f] claimed by PIIX4 SMB
[   30.933577] ACPI: PCI Interrupt Link [LNKA] (IRQs 5 9 10 *11)
[   31.037482] ACPI: PCI Interrupt Link [LNKB] (IRQs 5 9 10 *11)
[   31.128314] ACPI: PCI Interrupt Link [LNKC] (IRQs 5 9 *10 11)
[   31.131844] ACPI: PCI Interrupt Link [LNKD] (IRQs 5 *9 10 11)
[   31.134322] ACPI: Enabled 2 GPEs in block 00 to 07
[   31.136514] vgaarb: setting as boot device: PCI:0000:00:02.0
[   31.138280] vgaarb: device added: PCI:0000:00:02.0,decodes=io+mem,owns=io+mem,locks=none
[   31.141882] vgaarb: loaded
[   31.142875] vgaarb: bridge control possible 0000:00:02.0
[   31.144768] SCSI subsystem initialized
[   31.146261] ACPI: bus type USB registered
[   31.147586] usbcore: registered new interface driver usbfs
[   31.149366] usbcore: registered new interface driver hub
[   31.151184] usbcore: registered new device driver usb
[   31.157021] PCI: Using ACPI for IRQ routing
[   31.159994] NetLabel: Initializing
[   31.162587] NetLabel:  domain hash size = 128
[   31.164193] NetLabel:  protocols = UNLABELED CIPSOv4
[   31.166016] NetLabel:  unlabeled traffic allowed by default
[   31.168337] amd_nb: Cannot enumerate AMD northbridges
[   31.170267] clocksource: Switched to clocksource kvm-clock
[   31.206068] ppmo: pAmoFisyemnaed[ 316763pn PnP APIni
[ 32522]np: nP ACP: ou 3eves
[   32.503577] clocksource: acpi_pm: mask: 0xffffff max_cycles: 0xffffff, max_idle_ns: 2085701024 ns
[   32.798314] NET: Registered protocol family 2
[   32.818413] TCP established hash table entries: 8192 (order: 4, 65536 bytes)
[   32.987388] TCP bind hash table entries: 8192 (order: 5, 131072 bytes)
[   33.195626] TCP: Hash tables configured (established 8192 bind 8192)
[   33.323544] UDP hash table entries: 512 (order: 2, 16384 bytes)
[   33.325374] UDP-Lite hash table entries: 512 (order: 2, 16384 bytes)
[   33.327565] NET: Registered protocol family 1
[   33.329031] pci 0000:00:00.0: Limiting direct PCI/PCI transfers
[   33.335795] pci 0000:00:01.0: Activating ISA DMA hang workarounds
[   33.344337] Unpacking initramfs...
[   34.960525] Freeing initrd memory: 10824K
[   35.102783] platform rtc_cmos: registered platform RTC device (no PNP device found)
[   35.357131] Scanning for low memory corruption every 60 seconds
[   35.506256] audit: initializing netlink subsys (disabled)
[   35.539117] audit: type=2000 audit(1519319736.563:1): initialized
[   35.548816] Initialise system trusted keyring
[   35.555833] HugeTLB registered 2 MB page size, pre-allocated 0 pages
[   35.576619] zbud: loaded
[   35.619536] VFS: Disk quotas dquot_6.6.0
[   35.744971] VFS: Dquot-cache hash table entries: 512 (order 0, 4096 bytes)
[   35.916944] squashfs: version 4.0 (2009/01/31) Phillip Lougher
[   36.038979] fuse init (API version 7.23)
[   36.144778] tsc: Refined TSC clocksource calibration: 2292.400 MHz
[   36.310512] clocksource: tsc: mask: 0xffffffffffffffff max_cycles: 0x210b29cfe8f, max_idle_ns: 440795293576 ns
[   36.310842] Key type big_key registered
[   36.310869] Allocating IMA MOK and blacklist keyrings.
[   36.311211] Key type asymmetric registered
[   36.311219] Asymmetric key parser 'x509' registered
[   36.311261] Block layer SCSI generic (bsg) driver version 0.4 loaded (major 249)
[   36.311288] io scheduler noop registered
[   36.311289] io scheduler deadline registered (default)
[   36.311316] io scheduler cfq registered
[   36.311409] pci_hotplug: PCI Hot Plug PCI Core version: 0.5
[   36.311414] pciehp: PCI Express Hot Plug Controller Driver version: 0.4
[   36.311748] ACPI: AC Adapter [AC] (on-line)
[   36.311801] input: Power Button as /devices/LNXSYSTM:00/LNXPWRBN:00/input/input0
[   36.311804] ACPI: Power Button [PWRF]
[   36.311878] input: Sleep Button as /devices/LNXSYSTM:00/LNXSLPBN:00/input/input1
[   36.311879] ACPI: Sleep Button [SLPF]
[   36.312011] GHES: HEST is not enabled!
[   36.313008] ACPI: Battery Slot [BAT0] (battery present)
[   36.313047] Serial: 8250/16550 driver, 32 ports, IRQ sharing enabled
[   36.596416] 00:02: ttyS0 at I/O 0x3f8 (irq = 4, base_baud = 115200) is a 16550A
[   36.628132] Linux agpgart interface v0.103
[   36.640278] loop: module loaded
[   36.640893] scsi host0: ata_piix
[   36.640967] scsi host1: ata_piix
[   36.640993] ata1: PATA max UDMA/33 cmd 0x1f0 ctl 0x3f6 bmdma 0xd000 irq 14
[   36.640994] ata2: PATA max UDMA/33 cmd 0x170 ctl 0x376 bmdma 0xd008 irq 15
[   36.641066] libphy: Fixed MDIO Bus: probed
[   36.641067] tun: Universal TUN/TAP device driver, 1.6
[   36.641068] tun: (C) 1999-2004 Max Krasnyansky <maxk@qualcomm.com>
[   36.641356] PPP generic driver version 2.4.2
[   36.641404] ehci_hcd: USB 2.0 'Enhanced' Host Controller (EHCI) Driver
[   36.641406] ehci-pci: EHCI PCI platform driver
[   36.641419] ehci-platform: EHCI generic platform driver
[   36.641425] ohci_hcd: USB 1.1 'Open' Host Controller (OHCI) Driver
[   36.641428] ohci-pci: OHCI PCI platform driver
[   36.641434] ohci-platform: OHCI generic platform driver
[   36.641439] uhci_hcd: USB Universal Host Controller Interface driver
[   36.641539] i8042: PNP: PS/2 Controller [PNP0303:PS2K,PNP0f03:PS2M] at 0x60,0x64 irq 1,12
[   36.642077] serio: i8042 KBD port at 0x60,0x64 irq 1
[   36.642082] serio: i8042 AUX port at 0x60,0x64 irq 12
[   36.642174] mousedev: PS/2 mouse device common for all mice
[   36.642505] input: AT Translated Set 2 keyboard as /devices/platform/i8042/serio0/input/input2
[   36.642885] rtc_cmos rtc_cmos: rtc core: registered rtc_cmos as rtc0
[   36.642935] rtc_cmos rtc_cmos: alarms up to one day, 114 bytes nvram
[   36.642941] i2c /dev entries driver
[   36.642989] device-mapper: uevent: version 1.0.3
[   36.643059] device-mapper: ioctl: 4.34.0-ioctl (2015-10-28) initialised: dm-devel@redhat.com
[   36.643075] ledtrig-cpu: registered to indicate activity on CPUs
[   36.643641] NET: Registered protocol family 10
[   36.643768] NET: Registered protocol family 17
[   36.643776] Key type dns_resolver registered
[   36.643882] microcode: CPU0 sig=0x40661, pf=0x40, revision=0x0
[   36.654027] microcode: CPU1 sig=0x40661, pf=0x40, revision=0x0
[   36.654086] microcode: Microcode Update Driver: v2.01 <tigran@aivazian.fsnet.co.uk>, Peter Oruba
[   36.654220] registered taskstats version 1
[   36.654231] Loading compiled-in X.509 certificates
[   36.655082] Loaded X.509 cert 'Build time autogenerated kernel key: 4c603087bab8f0a02cb3b4e1fb4c40f507e71ef1'
[   36.655104] zswap: loaded using pool lzo/zbud
[   36.657530] Key type trusted registered
[   36.661706] Key type encrypted registered
[   36.661715] AppArmor: AppArmor sha1 policy hashing enabled
[   36.661718] ima: No TPM chip found, activating TPM-bypass!
[   36.661736] evm: HMAC attrs: 0x1
[   36.662052]   Magic number: 6:152:290
[   36.662077] tty tty23: hash matches
[   36.663790] rtc_cmos rtc_cmos: setting system clock to 2018-02-22 17:16:03 UTC (1519319763)
[   36.663905] BIOS EDD facility v0.16 2004-Jun-25, 0 devices found
[   36.663906] EDD information not available.
[   42.020897] Freeing unused kernel memory: 1508K
[   42.935524] Write protecting the kernel read-only data: 14336k
[   42.961397] Freeing unused kernel memory: 1728K
[   42.964813] Freeing unused kernel memory: 108K
Loading, please wait...
starting version[   42.991006] random: udevadm: uninitialized urandom read (16 bytes read, 4 bits of entropy available)
 229
[   42.993962] random: systemd-udevd: uninitialized urandom read (16 bytes read, 4 bits of entropy available)
[   42.994629] random: systemd-udevd: uninitialized urandom read (16 bytes read, 4 bits of entropy available)
[   42.994773] random: systemd-udevd: uninitialized urandom read (16 bytes read, 4 bits of entropy available)
[   42.994920] random: systemd-udevd: uninitialized urandom read (16 bytes read, 4 bits of entropy available)
[   43.285721] random: udevadm: uninitialized urandom read (16 bytes read, 4 bits of entropy available)
[   43.335756] random: systemd-udevd: uninitialized urandom read (16 bytes read, 4 bits of entropy available)
[   43.370699] random: systemd-udevd: uninitialized urandom read (16 bytes read, 4 bits of entropy available)
[   43.372988] random: systemd-udevd: uninitialized urandom read (16 bytes read, 4 bits of entropy available)
[   43.374342] random: udevadm: uninitialized urandom read (16 bytes read, 4 bits of entropy available)
[   43.908480] Fusion MPT base driver 3.04.20
[   44.061004] Copyright (c) 1999-2008 LSI Corporation
[   44.203365] e1000: Intel(R) PRO/1000 Network Driver - version 7.3.21-k8-NAPI
[   44.335668] e1000: Copyright (c) 1999-2006 Intel Corporation.
[   44.352245] AVX version of gcm_enc/dec engaged.
[   44.357165] AES CTR mode by8 optimization enabled
[   44.370021] Fusion MPT SPI Host driver 3.04.20
[   44.425465] input: ImExPS/2 Generic Explorer Mouse as /devices/platform/i8042/serio1/input/input4
[   44.727269] e1000 0000:00:03.0 eth0: (PCI:33MHz:32-bit) 02:66:2d:c5:e5:fb
[   44.845662] e1000 0000:00:03.0 eth0: Intel(R) PRO/1000 Network Connection
[   45.016514] e1000 0000:00:03.0 enp0s3: renamed from eth0
[   45.111019] mptbase: ioc0: Initiating bringup
[   45.265624] ioc0: LSI53C1030 A0: Capabilities={Initiator}
[   46.827612] scsi host2: ioc0: LSI53C1030 A0, FwRev=00000000h, Ports=1, MaxQ=256, IRQ=20
[   48.169058] floppy0: no floppy controllers found
[   48.298927] scsi 2:0:0:0: Direct-Access     VBOX     HARDDISK         1.0  PQ: 0 ANSI: 5
[   48.298931] scsi target2:0:0: Beginning Domain Validation
[   48.300708] scsi target2:0:0: Domain Validation skipping write tests
[   48.300709] scsi target2:0:0: Ending Domain Validation
[   48.300742] scsi target2:0:0: asynchronous
[   48.300973] scsi 2:0:1:0: Direct-Access     VBOX     HARDDISK         1.0  PQ: 0 ANSI: 5
[   48.300976] scsi target2:0:1: Beginning Domain Validation
[   48.301597] scsi target2:0:1: Domain Validation skipping write tests
[   48.301598] scsi target2:0:1: Ending Domain Validation
[   48.301630] scsi target2:0:1: asynchronous
[   48.312098] sd 2:0:0:0: Attached scsi generic sg0 type 0
[   48.312351] sd 2:0:0:0: [sda] 20971520 512-byte logical blocks: (10.7 GB/10.0 GiB)
[   48.312388] sd 2:0:1:0: Attached scsi generic sg1 type 0
[   48.312448] sd 2:0:1:0: [sdb] 20480 512-byte logical blocks: (10.5 MB/10.0 MiB)
[   48.313133] sd 2:0:0:0: [sda] Write Protect is off
[   48.313192] sd 2:0:1:0: [sdb] Write Protect is off
[   48.313241] sd 2:0:0:0: [sda] Incomplete mode parameter data
[   48.313242] sd 2:0:0:0: [sda] Assuming drive cache: write through
[   48.313284] sd 2:0:1:0: [sdb] Incomplete mode parameter data
[   48.313285] sd 2:0:1:0: [sdb] Assuming drive cache: write through
[   48.314799]  sda: sda1
[   48.315809] sd 2:0:0:0: [sda] Attached SCSI disk
[   48.315844] sd 2:0:1:0: [sdb] Attached SCSI disk
Begin: Loading e[   50.117006] md: linear personality registered for level -1
ssential drivers[   50.235880] md: multipath personality registered for level -4
 ... [   50.376528] md: raid0 personality registered for level 0
[   50.490287] md: raid1 personality registered for level 1
[   50.686820] raid6: sse2x1   gen()  8850 MB/s
[   50.842510] raid6: sse2x1   xor()  7167 MB/s
[   51.010839] raid6: sse2x2   gen() 10604 MB/s
[   51.154283] raid6: sse2x2   xor()  7461 MB/s
[   51.298557] raid6: sse2x4   gen() 12774 MB/s
[   51.438365] raid6: sse2x4   xor()  9480 MB/s
[   51.503154] raid6: using algorithm sse2x4 gen() 12774 MB/s
[   51.623621] raid6: .... xor() 9480 MB/s, rmw enabled
[   51.728492] raid6: using ssse3x2 recovery algorithm
[   51.824782] xor: automatically using best checksumming function:
[   52.038293]    avx       : 20459.000 MB/sec
[   52.059843] async_tx: api initialized (async)
[   52.079787] md: raid6 personality registered for level 6
[   52.103929] md: raid5 personality registered for level 5
[   52.250709] md: raid4 personality registered for level 4
[   52.443840] md: raid10 personality registered for level 10
done.
Begin: Running /scripts/init-premount ...[   52.591048] Btrfs loaded
 done.
Begin: Mounting root file system ... Begin: Running /scripts/local-top ... done.
Begin: Running /scripts/local-premount ... Scanning for Btrfs filesystems
done.
Warning: fsck no[   52.727673] EXT4-fs (sda1): mounted filesystem with ordered data mode. Opts: (null)
t present, so skipping root file system
done.
Begin: Running /scripts/local-bottom ... done.
Begin: Running /scripts/init-bottom ... done.
[   52.979503] systemd[1]: systemd 229 running in system mode. (+PAM +AUDIT +SELINUX +IMA +APPARMOR +SMACK +SYSVINIT +UTMP +LIBCRYPTSETUP +GCRYPT +GNUTLS +ACL +XZ -LZ4 +SECCOMP +BLKID +ELFUTILS +KMOD -IDN)
[   53.182321] systemd[1]: Detected virtualization oracle.
[   53.191059] systemd[1]: Detected architecture x86-64.

Welcome to [1mUbuntu 16.04.3 LTS[0m!

[   53.195919] systemd[1]: Set hostname to <ubuntu>.
[   53.198172] systemd[1]: Initializing machine ID from random generator.
[   53.199475] systemd[1]: Installed transient /etc/machine-id file.
[   53.387488] systemd[1]: Listening on LVM2 poll daemon socket.
[[0;32m  OK  [0m] Listening on LVM2 poll daemon socket.
[   53.583415] systemd[1]: Reached target Swap.
[[0;32m  OK  [0m] Reached target Swap.
[   53.694893] systemd[1]: Listening on udev Control Socket.
[[0;32m  OK  [0m] Listening on udev Control Socket.
[   53.899404] systemd[1]: Started Trigger resolvconf update for networkd DNS.
[[0;32m  OK  [0m] Started Trigger resolvconf update for networkd DNS.
[   54.131458] systemd[1]: Listening on Device-mapper event daemon FIFOs.
[[0;32m  OK  [0m] Listening on Device-mapper event daemon FIFOs.
[   54.272723] systemd[1]: Reached target Encrypted Volumes.
[[0;32m  OK  [0m] Reached target Encrypted Volumes.
[   54.343430] systemd[1]: Created slice System Slice.
[[0;32m  OK  [0m] Created slice System Slice.
[   54.499956] systemd[1]: Listening on udev Kernel Socket.
[[0;32m  OK  [0m] Listening on udev Kernel Socket.
[   54.663253] systemd[1]: Reached target User and Group Name Lookups.
[[0;32m  OK  [0m] Reached target User and Group Name Lookups.
[   54.941834] systemd[1]: Started Forward Password Requests to Wall Directory Watch.
[[0;32m  OK  [0m] Started Forward Password Requests to Wall Directory Watch.
[   55.239240] systemd[1]: Listening on /dev/initctl Compatibility Named Pipe.
[[0;32m  OK  [0m] Listening on /dev/initctl Compatibility Named Pipe.
[   55.362844] systemd[1]: Set up automount Arbitrary Executable File Formats File System Automount Point.
[[0;32m  OK  [0m] Set up automount Arbitrary Executab...ats File System Automount Point.
[   55.387064] systemd[1]: Listening on Journal Socket.
[[0;32m  OK  [0m] Listening on Journal Socket.
[   55.518620] systemd[1]: Mounting Debug File System...
         Mounting Debug File System...
[   55.702921] systemd[1]: Mounting POSIX Message Queue File System...
         Mounting POSIX Message Queue File System...
[   55.919168] systemd[1]: Starting Load Kernel Modules...
[   .912 Ldi iSIrapo cssv20-70

         Startin[   56.550134] iscsi: registered transport (tcp)
g Load Kernel Mo[   56.613419] random: nonblocking pool is initialized
dules...
[   56.735809] iscsi: registered transport (iser)
[   56.883069] systemd[1]: Starting Uncmmplicated firewall...
         Starting Uncomplicated firewall...
[   57.123246] systemd[1]: Starting Remount Root and Kernel File Systems...
[   57.127652] EXT4-fs (sda1): re-mounted. Opts: (null)
         Starting Remount Root and Kernel File Systems...
[   57.503171] systemd[1]: Starting Nameserver information manager...
         Starting Nameserver information manager...
[   57.556115] systemd[1]: Mounting Huge Pages File System...
         Mounting Huge Pages File System...
[   57.582587] systemd[1]: Listening on Journal Socket (/dev/log).
[[0;32m  OK  [0m] Listening on Journal Socket (/dev/log).
[   57.584887] systemd[1]: Listening on Syslog Socket.
[[0;32m  OK  [0m] Listening on Syslog Socket.
[   57.587160] systemd[1]: Created slice system-serial\x2dgetty.slice.
[[0;32m  OK  [0m] Created slice system-serial\x2dgetty.slice.
[   57.589582] systemd[1]: Listening on Journal Audit Socket.
[[0;32m  OK  [0m] Listening on Journal Audit Socket.
[   57.735411] systemd[1]: Starting Journal Service...
         Starting Journal Service...
[   57.835187] systemd[1]: Starting Set console keymap...
         Starting Set console keymap...
[   57.999350] systemd[1]: Created slice User and Session Slice.
[[0;32m  OK  [0m] Created slice User and Session Slice.
[   58.086507] systemd[1]: Reached target Slices.
[[0;32m  OK  [0m] Reached target Slices.
[   58.122951] systemd[1]: Starting Create list of required static device nodes for the current kernel...
         Starting Create list of required st... nodes for the current kernel...
[   58.186686] systemd[1]: Listening on LVM2 metadata daemon socket.
[[0;32m  OK  [0m] Listening on LVM2 metadata daemon socket.
[   58.258923] systemd[1]: Starting Monitoring of LVM2 mirrors, snapshots etc. using dmeventd or progress polling...
         Starting Monitoring of LVM2 mirrors... dmeventd or progress polling...
[   58.596760] systemd[1]: Mounted POSIX Message Queue File System.
[[0;32m  OK  [0m] Mounted POSIX Message Queue File System.
[   58.674519] systemd[1]: Mounted Debug File System.
[[0;32m  OK  [0m] Mounted Debug File System.
[   58.731399] systemd[1]: Mounted Huge Pages File System.
[[0;32m  OK  [0m] Mounted Huge Pages File System.
[   58.931302] systemd[1]: Started Journal Service.
[[0;32m  OK  [0m] Started Journal Service.
[[0;32m  OK  [0m] Started Load Kernel Modules.
[[0;32m  OK  [0m] Started Uncomplicated firewall.
[[0;32m  OK  [0m] Started Remount Root and Kernel File Systems.
[[0;32m  OK  [0m] Started Set console keymap.
[[0;32m  OK  [0m] Started Create list of required sta...ce nodes for the current kernel.
[[0;32m  OK  [0m] Started Nameserver information manager.
[[0;32m  OK  [0m] Started LVM2 metadata daemon.
         Starting Create Static Device Nodes in /dev...
         Starting udev Coldplug all Devices...
         Starting Load/Save Random Seed...
         Starting Initial cloud-init job (pre-networking)...
         Starting Apply Kernel Variables...
         Mounting FUSE Control File System...
         Starting Flush Journal to Persistent Storage...
[[0;32m  OK  [0m] Mounted FUSE Control File System.
[[0;32m  OK  [0m] Started Monitoring of LVM2 mirrors,...ng dmeventd or progress polling.
[[0;32m  OK  [0m] Started Create Static Device Nodes in /dev.
[[0;32m  OK  [0m] Started Load/Save Random Seed.
[[0;32m  OK  [0m] Started Apply Kernel Variables.
[[0;32m  OK  [0m] Started udev Coldplug all Devices.
[[0;32m  OK  [0m] Started Flush Journal to Persistent Storage.
         Starting udev Kernel Device Manager...
[[0;32m  OK  [0m] Started udev Kernel Device Manager.
[[0;32m  OK  [0m] Reached target Local File Systems (Pre).
[[0;32m  OK  [0m] Reached target Local File Systems.
         Starting Set console font and keymap...
[   30.086324]          cloud-initStarting LSB: AppArmor initialization...[451]: 
Cloud-init v. 17.1 running 'init-local' at Thu, 22 Feb 2018 17:16:27 +0000. Up 29.80 seconds.
         Starting Commit a transient machine-id on disk...
         Starting Create Volatile Files and Directories...
         Starting Tell Plymouth To Write Out Runtime Data...
[[0;32m  OK  [0m] Started Dispatch Password Requests to Console Directory Watch.
[[0;32m  OK  [0m] Started Set console font and keymap.
[[0;32m  OK  [0m] Started Commit a transient machine-id on disk.
[[0;32m  OK  [0m] Started Create Volatile Files and Directories.
[[0;32m  OK  [0m] Started Tell Plymouth To Write Out Runtime Data.
[[0;32m  OK  [0m] Started Initial cloud-init job (pre-networking).
[[0;32m  OK  [0m] Found device /dev/ttyS0.
[[0;32m  OK  [0m] Listening on Load/Save RF Kill Switch Status /dev/rfkill Watch.
[[0;32m  OK  [0m] Reached target Network (Pre).
         Starting Update UTMP about System Boot/Shutdown...
[[0;32m  OK  [0m] Reached target System Time Synchronized.
[[0;32m  OK  [0m] Created slice system-getty.slice.
[[0;32m  OK  [0m] Started Update UTMP about System Boot/Shutdown.
[[0;32m  OK  [0m] Started LSB: AppArmor initialization.
[[0;32m  OK  [0m] Started ifup for enp0s3.
         Starting Raise network interfaces...
[[0;32m  OK  [0m] Started Raise network interfaces.
         Starting Initial cloud-init job (metadata service crawler)...
[[0;32m  OK  [0m] Reached target Network.
[   33.987603] cloud-init[947]: Cloud-init v. 17.1 running 'init' at Thu, 22 Feb 2018 17:16:30 +0000. Up 33.42 seconds.
[[0;32m  OK  [0m] Started Initial cloud-init job (metadata service crawler).
[   34.104731] cloud-init[947]: ci-info: +++++++++++++++++++++++++++++++++++++Net device info++++++++++++++++++++++++++++++++++++++
[   34.404860] cloud-init[947]: ci-info: +--------+------+----------------------------+---------------+-------+-------------------+
[   34.564440] cloud-init[947]: ci-info: | Device |  Up  |          Address           |      Mask     | Scope |     Hw-Address    |
[   34.717048] cloud-init[947]: ci-info: +--------+------+----------------------------+---------------+-------+-------------------+
[[0;32m  OK  [0m] Reached target Cloud-config availability.
[[0;32m  OK  [0m] Reached target System Initialization.
[   34.809468] cloud-init[947]: ci-info: | enp0s3 | True |         10.0.2.15          | 255.255.255.0 |   .   | 02:66:2d:c5:e5:fb |
[   35.096813] cloud-init[947]: ci-info: | enp0s3 | True | fe80::66:2dff:fec5:e5fb/64 |       .       |  link | 02:66:2d:c5:e5:fb |
[   35.183210] cloud-init[947]: ci-info: |   lo   | True |         127.0.0.1          |   255.0.0.0   |   .   |         .         |
[   35.268781] cloud-init[947]: ci-info: |   lo   | True |          ::1/128           |       .       |  host |         .         |
[[0;32m  OK  [0m] Started ACPI Events Check.
[[0;32m  OK  [0m] Reached target Paths.
[   35.571879] cloud-init[947]: ci-info: +--------+------+----------------------------+---------------+-------+-------------------+
[   35.697164] cloud-init[947]: ci-info: +++++++++++++++++++++++++++Route IPv4 info++++++++++++++++++++++++++++
[   35.761196] cloud-init[947]: ci-info: +-------+-------------+----------+---------------+-----------+-------+
         Starting LXD - unix socket.
[[0;32m  OK  [0m] Started Daily apt download activities.
[[0;32m  OK  [0m] Started Daily apt upgrade and clean activities.
[   35.843917] cloud-init[947]: ci-info: | Route | Destination | Gateway  |    Genmask    | Interface | Flags |
[   36.256360] cloud-init[947]: ci-info: +-------+-------------+----------+---------------+-----------+-------+
[   36.324347] cloud-init[947]: ci-info: |   0   |   0.0.0.0   | 10.0.2.2 |    0.0.0.0    |   enp0s3  |   UG  |
[[0;32m  OK  [0m] Listening on UUID daemon activation socket.
[[0;32m  OK  [0m] Started Daily Cleanup of Temporary Directories.
[   36.375758] cloud-init[947]: ci-info: |   1   |   10.0.2.0  | 0.0.0.0  | 255.255.255.0 |   enp0s3  |   U   |
[   36.541847] cloud-init[947]: ci-info: +-------+-------------+----------+---------------+-----------+-------+
[   36.615428] cloud-init[947]: Generating public/private rsa key pair.
[[0;32m  OK  [0m[   36.664258] cloud-init[947]: Your identification has been saved in /etc/ssh/ssh_host_rsa_key.
[   36.664345] cloud-init[947]: Your public key has been saved in /etc/ssh/ssh_host_rsa_key.pub.
[   36.664447] cloud-init[947]: The key fingerprint is:
[   36.664510] cloud-init[947]: SHA256:uGuTUF9/AdLGgUjRJxydt51Bfl3v8kB2/6nqQl56UeE root@ubuntu-xenial
[   36.664563] cloud-init[947]: The key's randomart image is:
[   36.664614] cloud-init[947]: +---[RSA 2048]----+
[   36.664666] cloud-init[947]: |       .o=.*.o...|
[   36.664717] cloud-init[947]: |        . * O.o.+|
[   36.664775] cloud-init[947]: |           =.o++B|
[   36.664826] cloud-init[947]: |      ..  .  Eo++|
[   36.664877] cloud-init[947]: |     ...S. .. o.o|
[   36.664927] cloud-init[947]: |    .  ... o. .+o|
[   36.664978] cloud-init[947]: |     ...o o .. .o|
[   36.665031] cloud-init[947]: |      +. + .  .  |
[   36.665171] cloud-init[947]: |     ...  +o..   |
[   36.665311] cloud-init[947]: +----[SHA256]-----+
[   36.665380] cloud-init[947]: Generating public/private dsa key pair.
[   36.665433] cloud-init[947]: Your identification has been saved in /etc/ssh/ssh_host_dsa_key.
[   36.665484] cloud-init[947]: Your public key has been saved in /etc/ssh/ssh_host_dsa_key.pub.
[   36.665540] cloud-init[947]: The key fingerprint is:
[   36.665628] cloud-init[947]: SHA256:x4i1s2PT/BtZrKQoYTJDuNvur4ys/UXKQ0mg/Jmepz8 root@ubuntu-xenial
[   36.665688] cloud-init[947]: The key's randomart image is:
[   36.665763] cloud-init[947]: +---[DSA 1024]----+
[   36.665835] cloud-init[947]: |  .              |
[   36.665907] cloud-init[947]: |.. o             |
[   36.666003] cloud-init[947]: |... o   .        |
[   36.666080] cloud-init[947]: |  .+o. o +   .   |
[   36.666158] cloud-init[947]: |  .+* = S o . o  |
[   36.666217] cloud-init[947]: |  .=.B . B o +   |
[   36.666273] cloud-init[947]: |  .o=.o * + +    |
[   36.666414] cloud-init[947]: | o +oE o o . .   |
[   36.666478] cloud-init[947]: |..++B+o     o.   |
[   36.666537] cloud-init[947]: +----[SHA256]-----+
[   36.666615] cloud-init[947]: Generating public/private ecdsa key pair.
[   36.666735] cloud-init[947]: Your identification has been saved in /etc/ssh/ssh_host_ecdsa_key.
[   36.666798] cloud-init[947]: Your public key has been saved in /etc/ssh/ssh_host_ecdsa_key.pub.
[   36.666851] cloud-init[947]: The key fingerprint is:
[   36.666901] cloud-init[947]: SHA256:/dzSfxzliPTKd8RhQbGwF74jAOCppTjY3pV5/sCXtws root@ubuntu-xenial
[   36.666952] cloud-init[947]: The key's randomart image is:
[   36.667006] cloud-init[947]: +---[ECDSA 256]---+
[   36.667058] cloud-init[947]: |       ...   ..+.|
[   36.667108] cloud-init[947]: |      . . .   +.o|
[   36.667157] cloud-init[947]: |       +   . . +.|
[   36.667208] cloud-init[947]: |  o . + o.  o .oo|
[   36.667258] cloud-init[947]: | . + o +S... +.*o|
[   36.667308] cloud-init[947]: |  . o . +  ooo+.=|
[   36.667358] cloud-init[947]: |   . .   + E+ooo.|
[   36.667965] cloud-init[947]: |          + =.o.+|
[   36.668020] cloud-init[947]: |           . +..o|
[   36.668070] cloud-init[947]: +----[SHA256]-----+
] Started Timer to automatically refresh installed snaps.
[[0;32m  OK  [0m] Reached target Timers.
         [   36.668175] cloud-init[947]: Generating public/private ed25519 key pair.
[   38.225637] cloud-init[947]: Your identification has been saved in /etc/ssh/ssh_host_ed25519_key.
Starting Socket activation for snappy daemon.
[[   38.225917] cloud-init[947]: Your public key has been saved in /etc/ssh/ssh_host_ed25519_key.pub.
[   38.345931] cloud-init[947]: The key fingerprint is:
[0;32m  OK  [0m] Listening on ACPID Listen Socket.
[[   38.346090] cloud-init[947]: SHA256:MRlWVo+2Punnq+KoKW5FKT+yo8Y4lMDjjrT2t9PFxt0 root@ubuntu-xenial
[   38.457061] cloud-init[947]: The key's randomart image is:
[0;32m  OK  [0m] Listening on D-Bus System Message Bus Socket.
[[   38.457216] cloud-init[947]: +--[ED25519 256]--+
[   38.624930] cloud-init[947]: |        o.o..    |
[0;32m  OK  [0m] Reached target Network is Online.
[   38.625010] cloud-init[947]: |       . +   o   |
         [   38.684459] Starting iSCSI initiator daemon (iscsid)...cloud-init
[947]: |.      .+   o .  |
[   38.722135] cloud-init[947]: |.o  . o  o . .   |
[   38.722446] cloud-init[947]: |o o  +  S . o    |
[[0;32m  OK  [0m] Listening on LXD - unix socket.
[[   38.722709] cloud-init[947]: | =  . +  = o E   |
[   38.829351] cloud-init[947]: |=o.  +..o   +    |
[   38.829504] cloud-init[947]: |++o =o o ... ..  |
[   38.829692] cloud-init[947]: |.oo=o+=.....o+o. |
[   38.829887] cloud-init[947]: +----[SHA256]-----+
[0;32m  OK  [0m] Listening on Socket activation for snappy daemon.
[[0;32m  OK  [0m] Started iSCSI initiator daemon (iscsid).
         Starting Login to default iSCSI targets...
[[0;32m  OK  [0m] Reached target Sockets.
[[0;32m  OK  [0m] Reached target Basic System.
         Starting Apply the settings specified in cloud-config...
[[0;32m  OK  [0m] Started Regular background program processing daemon.
         Starting LSB: Record successful boot for GRUB...
         Starting Pollinate to seed the pseudo random number generator...
[[0;32m  OK  [0m] Started Deferred execution scheduler.
         Starting /etc/rc.local Compatibility...
[[0;32m  OK  [0m] Started Unattended Upgrades Shutdown.
         Starting Login Service...
[[0;32m  OK  [0m] Started FUSE filesystem for LXC.
         Starting Snappy daemon...
         Starting Accounts Service...
[[0;32m  OK  [0m] Started D-Bus System Message Bus.
[[0;32m  OK  [0m] Started ACPI event daemon.
[   39.676979] cloud-init[1050]: Generating locales (this might take a while)...
         Starting System Logging Service...
         Starting LSB: MD monitoring daemon...
         Starting LXD - container startup/shutdown...
[[0;32m  OK  [0m] Started Snappy daemon.
[[0;32m  OK  [0m] Started System Logging Service.
[[0;32m  OK  [0m] Started /etc/rc.local Compatibility.
[[0;32m  OK  [0m] Started LSB: Record successful boot for GRUB.
[[0;32m  OK  [0m] Started Login to default iSCSI targets.
[[0;32m  OK  [0m] Started LXD - container startup/shutdown.
[[0;32m  OK  [0m] Started Login Service.
[[0;32m  OK  [0m] Started LSB: MD monitoring daemon.
         Starting Authenticate and Authorize Users to Run Privileged Tasks...
[[0;32m  OK  [0m] Reached target Remote File Systems (Pre).
[[0;32m  OK  [0m] Reached target Remote File Systems.
         Starting LSB: VirtualBox Linux Additions...
         Starting LSB: daemon to balance interrupts for SMP systems...
         Starting Permit User Sessions...
         Starting LSB: automatic crash report generation...
         Starting LSB: Set the CPU Frequency Scaling governor to "ondemand"...
[[0;32m  OK  [0m] Started Pollinate to seed the pseudo random number generator.
[[0;32m  OK  [0m] Started Permit User Sessions.
[[0;32m  OK  [0m] Started Authenticate and Authorize Users to Run Privileged Tasks.
[[0;32m  OK  [0m] Started Accounts Service.
         Starting Terminate Plymouth Boot Screen...
         Starting Hold until boot process finishes up...
[   40.628738] cloud-init[1050]:   en_US.UTF-8... done
         Starting OpenBSD Secure Shell server...
[[0;32m  OK  [0m] Started OpenBSD Secure Shell server.
[   40.654271] cloud-init[1050]: Generation complete.
[[0;32m  OK  [0m] Started LSB: VirtualBox Linux Additions.
[[0;32m  OK  [0m] Started LSB: daemon to balance interrupts for SMP systems.
[[0;32m  OK  [0m] Started LSB: automatic crash report generation.
[[0;32m  OK  [0m] Started LSB: Set the CPU Frequency Scaling governor to "ondemand".
[[0;32m  OK  [0m] Started Terminate Plymouth Boot Screen.
[[0;32m  OK  [0m] Started Hold until boot process finishes up.
[[0;32m  OK  [0m] Created slice User Slice of vagrant.
[[0;32m  OK  [0m] Started Session 1 of user vagrant.
[   40.964627] cloud-init[1050]: Cloud-init v. 17.1 running 'modules:config' at Thu, 22 Feb 2018 17:16:36 +0000. Up 39.49 seconds.
         Starting User Manager for UID 1000...
[[0;32m  OK  [0m] Started Getty on tty1.
         Starting Set console scheme...
[[0;32m  OK  [0m] Started Serial Getty on ttyS0.
[[0;32m  OK  [0m] Reached target Login Prompts.
[[0;32m  OK  [0m] Reached target Multi-User System.
[[0;32m  OK  [0m] Reached target Graphical Interface.
         Starting Update UTMP about System Runlevel Changes...
[[0;32m  OK  [0m] Started User Manager for UID 1000.
[[0;32m  OK  [0m] Started Apply the settings specified in cloud-config.
[[0;32m  OK  [0m] Started Set console scheme.
[[0;32m  OK  [0m] Started Update UTMP about System Runlevel Changes.
         Starting Execute cloud user/final scripts...
ci-info: no authorized ssh keys fingerprints found for user ubuntu.
<14>Feb 22 17:16:39 ec2: 
<14>Feb 22 17:16:39 ec2: #############################################################
<14>Feb 22 17:16:39 ec2: -----BEGIN SSH HOST KEY FINGERPRINTS-----
<14>Feb 22 17:16:39 ec2: 1024 SHA256:x4i1s2PT/BtZrKQoYTJDuNvur4ys/UXKQ0mg/Jmepz8 root@ubuntu-xenial (DSA)
<14>Feb 22 17:16:39 ec2: 256 SHA256:/dzSfxzliPTKd8RhQbGwF74jAOCppTjY3pV5/sCXtws root@ubuntu-xenial (ECDSA)
<14>Feb 22 17:16:39 ec2: 256 SHA256:MRlWVo+2Punnq+KoKW5FKT+yo8Y4lMDjjrT2t9PFxt0 root@ubuntu-xenial (ED25519)
<14>Feb 22 17:16:39 ec2: 2048 SHA256:uGuTUF9/AdLGgUjRJxydt51Bfl3v8kB2/6nqQl56UeE root@ubuntu-xenial (RSA)
<14>Feb 22 17:16:39 ec2: -----END SSH HOST KEY FINGERPRINTS-----
<14>Feb 22 17:16:39 ec2: #############################################################
-----BEGIN SSH HOST KEY KEYS-----
ecdsa-sha2-nistp256 AAAAE2VjZHNhLXNoYTItbmlzdHAyNTYAAAAIbmlzdHAyNTYAAABBBMR+WTlX06/g5tazEKY+ioMhRWXZzkx7RJ7sozvYNBGcAEneai47JUZj6LQEMc52+uG4l8Sc3iSUEK3Dn1KkFaU= root@ubuntu-xenial
ssh-ed25519 AAAAC3NzaC1lZDI1NTE5AAAAID9/PvFbClzodN3pj/TVhx2gj3YjLFhkDYOazj3Th7cx root@ubuntu-xenial
ssh-rsa AAAAB3NzaC1yc2EAAAADAQABAAABAQCj0bRn+HP9wwc1dVjcZ12s6Q/sQdFwuoxYxZ7LYDCOrwE8OokBjMLv/Myi0O7W6a73uYrukEEZwdJpwBSqefVfKLJ72Dg0sKHw6bMwlf9OWdiC9arPaQy+fyHm9OlXiDUkp/u9/9jyaouxch2u7QgKV64bljnu0GBTwPPT+/xA5RywKu7dB64EYFwAWECW7JV0QiHiiXsoDAH6+0xsvioc7pwVEtZMJE57vgxFDWB9Lw7kO8832mJ7Pc6Qv+CrM8elVcVlil7iLuzJgW0VjnCulpLKXnI/nBMsPu9no9QZEPAdwt5OFuEqh7YGp8kE4ctsI4CLmSmqWcjypP/YY2M1 root@ubuntu-xenial
-----END SSH HOST KEY KEYS-----
         Stopping User Manager for UID 1000...
[   43.212560] cloud-init[1312]: Cloud-init v. 17.1 running 'modules:final' at Thu, 22 Feb 2018 17:16:39 +0000. Up 41.96 seconds.
[   43.360350] [cloud-init[0;32m  OK  [0m[1312]: ] ci-info: no authorized ssh keys fingerprints found for user ubuntu.Stopped User Manager for UID 1000.

[   43.361020] cloud-init[1312]: Cloud-init v. 17.1 finished at Thu, 22 Feb 2018 17:16:40 +0000. Datasource DataSourceNoCloud [seed=/dev/sdb][dsmode=net].  Up 43.20 seconds
[[0;32m  OK  [0m] Started Execute cloud user/final scripts.
[[0;32m  OK  [0m] Removed slice User Slice of vagrant.
[[0;32m  OK  [0m] Reached target Cloud-init target.

Ubuntu 16.04.3 LTS ubuntu-xenial ttyS0

ubuntu-xenial login: 